== Model info

Model                          No model built yet
== Evaluation Info

Classifier                     meka.classifiers.multilabel.PMCC
Options                        [-M, 10, -O, 0, -B, 0.03, -Is, 50, -Iy, 10, -P, Exact match, -S, 0, -W, weka.classifiers.trees.J48, --, -C, 0.25, -M, 2]
Additional Info                null
Dataset                        Music
Number of labels (L)           6


== Predictive Performance



== Additional Measurements

Number of training instances   491
Number of test instances       101
Label cardinality (train set)  1.855
Label cardinality (test set)   1.941
