== Evaluation Info

Classifier                     meka.classifiers.multilabel.RAkEL
Options                        [-M, 10, -k, 3, -P, 0, -N, 0, -S, 0, -W, weka.classifiers.trees.J48, --, -C, 0.25, -M, 2]
Additional Info                {[1, 2, 4][2, 3, 4][0, 3, 4][1, 3, 5][2, 4, 5][1, 2, 5][1, 2, 3][1, 3, 5][3, 4, 5][0, 1, 5]}
Dataset                        Music
Number of labels (L)           6


== Predictive Performance



== Additional Measurements

Number of training instances   491
Number of test instances       101
Label cardinality (train set)  1.855
Label cardinality (test set)   1.941
