== Model info

Model                          
meka.classifiers.multitarget.incremental.CRUpdateable: Node #1

0 (346.000) NB1 NB adaptive1
meka.classifiers.multitarget.incremental.CRUpdateable: Node #2

0 (357.000) NB1 NB adaptive1
meka.classifiers.multitarget.incremental.CRUpdateable: Node #3

0 (280.000) NB1 NB adaptive1
meka.classifiers.multitarget.incremental.CRUpdateable: Node #4

0 (370.000) NB1 NB adaptive1
meka.classifiers.multitarget.incremental.CRUpdateable: Node #5

0 (356.000) NB1 NB adaptive1
meka.classifiers.multitarget.incremental.CRUpdateable: Node #6

0 (332.000) NB1 NB adaptive1


== Evaluation Info

Classifier                     meka.classifiers.multitarget.incremental.CRUpdateable
Options                        [-W, weka.classifiers.trees.HoeffdingTree, --, -L, 2, -S, 1, -E, 1.0E-7, -H, 0.05, -M, 0.01, -G, 200.0, -N, 0.0]
Additional Info                
Dataset                        Music
Number of labels (L)           6


== Predictive Performance



== Additional Measurements

Number of training instances   491
Number of test instances       101
Label cardinality (train set)  1.855
Label cardinality (test set)   1.941
